
==============================================================================
EPISODE · task 20
==============================================================================
  intent      : Compare the difference in time for walking and driving route from Randyland to Carnegie Mellon University
  site        : map  (KB hit)
  config      : /home/ubuntu/webagent_test/world_model/webarena/config_files/20.json

▸ step 0 · planner
      tools: ...
      </parameter>
      , lookup_site, inspect_controls, lookup_site, get_site_task_history
  subgoal     : Open the directions page to enter Randyland as start and Carnegie Mellon University as destination
  plan_step   : open directions page
  navigate_to : http://localhost:3000/directions
  expected    : {'url_contains': '/directions', 'must_see': 'From'}

▸ step 0 · env · apply
    → execute goto (none) url='http://localhost:3000/directions'
      url: http://localhost:3000/#map=7/42.896/-75.108  ->  http://localhost:3000/directions
      reward=1.0  done=False

▸ step 1 · planner
      tools: inspect_page_structure, inspect_controls, get_task_state, refresh_current_state, inspect_page_structure
  subgoal     : Fill the From field with 'Randyland' and the To field with 'Carnegie Mellon University' to set up the driving route.
  plan_step   : fill From and To fields
  expected    : {'must_see': 'Randyland'}

▸ step 1 · env · apply
    → execute type (element_id) element_id=1508
      url unchanged (http://localhost:3000/directions)
      reward=0.0  done=False

▸ step 2 · planner
      tools: get_task_state, inspect_page_structure, inspect_controls, inspect_page_structure, inspect_page_structure
  subgoal     : Set the To field to 'Carnegie Mellon University' to complete the route endpoints for the driving directions.
  plan_step   : fill the To field with Carnegie Mellon University
  expected    : {'must_see': 'Carnegie Mellon University'}

▸ step 2 · env · apply
    → execute type (element_id) element_id=1515
      url unchanged (http://localhost:3000/directions)
      reward=1.0  done=False

▸ step 3 · planner
      tools: inspect_page_structure, inspect_controls, inspect_page_structure, get_page_experience, get_task_state
  subgoal     : Click the Go button to compute the driving (Car OSRM) route from Randyland to Carnegie Mellon University so the driving travel time is displayed.
  plan_step   : go get driving route
  expected    : {'must_see': 'min'}

▸ step 3 · env · apply
    → execute click (element_id) element_id=1528
      url: http://localhost:3000/directions  ->  http://localhost:3000/directions?engine=fossgis_osrm_car&route=40.458%2C-80.010%3B40.444%2C-79.943#map=14/40.4492/-79.9763
      reward=1.0  done=False

▸ step 4 · planner
      tools: read_table, search_page_text, inspect_page_structure, get_task_state, get_attempt_history
  subgoal     : Select 'Foot (OSRM)' in the routing engine combobox to switch to walking mode so the walking time can be read.
  plan_step   : choose Foot (OSRM) in the engine dropdown
  expected    : {'must_see': 'Foot (OSRM)'}

▸ step 4 · env · apply
    → execute click (element_id) element_id=1308
      url: http://localhost:3000/directions?engine=fossgis_osrm_car&route=40.458%2C-80.010%3B40.444%2C-79.943#map=14/40.4492/-79.9763  ->  http://localhost:3000/directions?engine=fossgis_osrm_foot&route=40.4579%2C-80.0096%3B40.4442%2C-79.9427#map=14/40.4468/-79.9762
      reward=0.0  done=False

▸ step 5 · planner
      tools: read_table, search_page_text, search_page_text, search_page_text, inspect_page_structure, inspect_controls
  subgoal     : Switch the routing engine to Car (OSRM) by navigating to the car route URL with the same Randyland-to-CMU endpoints so the driving time can be read.
  plan_step   : load the driving route
  navigate_to : http://localhost:3000/directions?engine=fossgis_osrm_car&route=40.4579%2C-80.0096%3B40.4442%2C-79.9427
  expected    : {'url_contains': 'engine=fossgis_osrm_car', 'must_see': 'Time:'}

▸ step 5 · env · apply
    → execute goto (none) url='http://localhost:3000/directions?engine=fossgis_osrm_car&route=40.4579%2C-80.0096%3B40.4442%2C-79.9427'
      url: http://localhost:3000/directions?engine=fossgis_osrm_foot&route=40.4579%2C-80.0096%3B40.4442%2C-79.9427#map=14/40.4468/-79.9762  ->  http://localhost:3000/directions?engine=fossgis_osrm_car&route=40.4579%2C-80.0096%3B40.4442%2C-79.9427#map=14/40.4491/-79.9763
      reward=1.0  done=False

▸ step 6 · planner
      tools: read_table, search_page_text, inspect_page_structure, search_page_text, get_site_task_history, inspect_page_structure
  subgoal     : Navigate to the foot (walking) route for the same Randyland-to-CMU endpoints so the walking time can be read.
  plan_step   : switch to walking route to read foot time
  navigate_to : http://localhost:3000/directions?engine=fossgis_osrm_foot&route=40.4579%2C-80.0096%3B40.4442%2C-79.9427
  expected    : {'url_contains': 'engine=fossgis_osrm_foot', 'must_see': 'Time'}

▸ step 6 · env · apply
    → execute goto (none) url='http://localhost:3000/directions?engine=fossgis_osrm_foot&route=40.4579%2C-80.0096%3B40.4442%2C-79.9427'
      url: http://localhost:3000/directions?engine=fossgis_osrm_car&route=40.4579%2C-80.0096%3B40.4442%2C-79.9427#map=14/40.4491/-79.9763  ->  http://localhost:3000/directions?engine=fossgis_osrm_foot&route=40.4579%2C-80.0096%3B40.4442%2C-79.9427#map=14/40.4468/-79.9762
      reward=1.0  done=False

▸ step 7 · planner
      tools: read_table, search_page_text, inspect_page_structure, search_page_text, inspect_page_structure, get_task_state
  subgoal     : Navigate to the car (driving) route for the same Randyland-to-CMU endpoints to read the driving time.
  plan_step   : load the car driving route
  navigate_to : http://localhost:3000/directions?engine=fossgis_osrm_car&route=40.4579%2C-80.0096%3B40.4442%2C-79.9427
  expected    : {'url_contains': 'engine=fossgis_osrm_car', 'must_see': 'Time:'}

▸ step 7 · env · apply
    → execute goto (none) url='http://localhost:3000/directions?engine=fossgis_osrm_car&route=40.4579%2C-80.0096%3B40.4442%2C-79.9427'
      url: http://localhost:3000/directions?engine=fossgis_osrm_foot&route=40.4579%2C-80.0096%3B40.4442%2C-79.9427#map=14/40.4468/-79.9762  ->  http://localhost:3000/directions?engine=fossgis_osrm_car&route=40.4579%2C-80.0096%3B40.4442%2C-79.9427#map=14/40.4491/-79.9763
      reward=1.0  done=False

▸ step 8 · planner
      tools: read_table, search_page_text, inspect_page_structure, search_page_text, search_page_text
  subgoal     : Navigate to the foot (walking) route for the same endpoints to read the walking time so the difference with the 13-min driving time can be computed.
  plan_step   : open foot route to read walking time
  navigate_to : http://localhost:3000/directions?engine=fossgis_osrm_foot&route=40.4579%2C-80.0096%3B40.4442%2C-79.9427
  expected    : {'url_contains': 'engine=fossgis_osrm_foot', 'must_see': 'Time:'}

▸ step 8 · env · apply
    → execute goto (none) url='http://localhost:3000/directions?engine=fossgis_osrm_foot&route=40.4579%2C-80.0096%3B40.4442%2C-79.9427'
      url: http://localhost:3000/directions?engine=fossgis_osrm_car&route=40.4579%2C-80.0096%3B40.4442%2C-79.9427#map=14/40.4491/-79.9763  ->  http://localhost:3000/directions?engine=fossgis_osrm_foot&route=40.4579%2C-80.0096%3B40.4442%2C-79.9427#map=14/40.4468/-79.9762
      reward=1.0  done=False

▸ step 9 · planner
      tools: inspect_page_structure, search_page_text, get_task_state, get_obligations, search_page_text
  subgoal     : Navigate to the car (driving) route for the same Randyland-to-CMU endpoints to read the driving time, so the difference with the walking time (1:45) can be computed.
  plan_step   : goto car route
  navigate_to : http://localhost:3000/directions?engine=fossgis_osrm_car&route=40.4579%2C-80.0096%3B40.4442%2C-79.9427
  expected    : {'url_contains': 'engine=fossgis_osrm_car', 'must_see': 'Time:'}

▸ step 9 · env · apply
    → execute goto (none) url='http://localhost:3000/directions?engine=fossgis_osrm_car&route=40.4579%2C-80.0096%3B40.4442%2C-79.9427'
      url: http://localhost:3000/directions?engine=fossgis_osrm_foot&route=40.4579%2C-80.0096%3B40.4442%2C-79.9427#map=14/40.4468/-79.9762  ->  http://localhost:3000/directions?engine=fossgis_osrm_car&route=40.4579%2C-80.0096%3B40.4442%2C-79.9427#map=14/40.4491/-79.9763
      reward=1.0  done=False

▸ step 10 · planner
      tools: read_table, search_page_text, inspect_page_structure, inspect_page_structure, compare_values
  subgoal     : Answer the difference in time between the walking and driving routes.
  plan_step   : report the computed difference
    TERMINAL  stop_now  answer='1 hour 32 minutes (1:32) — walking (1:45 / 105 min) minus driving (0:13 / 13 min)'

▸ step 10 · env · apply
    → execute stop (none) text='1 hour 32 minutes (1:32) — walking (1:45 / 105 min) minus driving (0:13 / 13 min)'
      url unchanged (http://localhost:3000/directions?engine=fossgis_osrm_car&route=40.4579%2C-80.0096%3B40.4442%2C-79.9427#map=14/40.4491/-79.9763)
      reward=0.0  done=True

▸ episode end
    DONE  task 20: steps=11  reward=1.0  success=False
{
  "episodes": [
    {
      "episode_id": "ep-15232c1d",
      "task_id": "20",
      "n_steps": 11,
      "final_reward": 1.0,
      "success": false,
      "error": null,
      "infra_failure": false
    }
  ],
  "n": 1
}
