
==============================================================================
EPISODE · task 74
==============================================================================
  intent      : Given the following locations, ['Carnegie Mellon University', 'apple store shadyside', 'starbucks on craig street'], what would be the optimal route to travel through them all in order to minimize total travel time? Please note the journey begins at the first place listed.
  site        : map  (KB hit)
  config      : /home/ubuntu/webagent_test/world_model/webarena/config_files/74.json

▸ step 0 · planner
      tools: get_task_state, lookup_site, get_site_task_history, lookup_site, verify_criterion
  subgoal     : Provide the optimal route ordering that minimizes total travel time, given the journey starts at Carnegie Mellon University.
    TERMINAL  stop_now  answer='Carnegie Mellon University -> Starbucks on Craig Street -> Apple Store Shadyside. All three are roughly along an east-west line in Oakland/Shadyside, Pittsburgh. Starting at CMU (the westmost point), head east to the nearer Starbucks on Craig Street, then continue east to the Apple Store Shadyside — a monotonic eastward path that avoids backtracking and thus minimizes total travel time.'

▸ step 0 · env · apply
    → execute stop (none) text='Carnegie Mellon University -> Starbucks on Craig Street -> Apple Store Shadyside. All three are roughly along an east-west line in Oakland/Shadyside, Pittsburgh. Starting at CMU (the westmost point), head east to the nearer Starbucks on Craig Street, then continue east to the Apple Store Shadyside — a monotonic eastward path that avoids backtracking and thus minimizes total travel time.'
      url unchanged (http://localhost:3000/#map=7/42.896/-75.108)
      reward=0.0  done=True

▸ episode end
    DONE  task 74: steps=1  reward=0.0  success=False
{
  "episodes": [
    {
      "episode_id": "ep-166741bd",
      "task_id": "74",
      "n_steps": 1,
      "final_reward": 0.0,
      "success": false,
      "error": null,
      "infra_failure": false
    }
  ],
  "n": 1
}
