REV2 run archive: /home/ubuntu/webagent_test/runs_nogate/wa-map-full-memory-r1/tasks/92/runtime/runs/nogate/run-3dp1ayM7

==============================================================================
EPISODE · task 92
==============================================================================
  intent      : Which US states border Vermont?
  site        : map  (KB hit)
  config      : /home/ubuntu/webagent_test/world_model/webarena/config_files/92.json

▸ step 0 · planner
      tools: lookup_site, get_task_state, verify_criterion, get_obligations, verify_criterion
  subgoal     : Provide the factual answer to which US states border Vermont
  plan_step   : answer the geographic knowledge question
    TERMINAL  stop_now  answer='New York, New Hampshire, and Massachusetts'

▸ step 0 · env · apply
    → execute stop (none) text='New York, New Hampshire, and Massachusetts'
      url unchanged (http://localhost:3000/#map=7/42.896/-75.108)
      reward=0.0  done=True

▸ episode end
    DONE  task 92: steps=1  reward=1.0  success=False
{
  "episodes": [
    {
      "episode_id": "ep-9abb6941",
      "task_id": "92",
      "n_steps": 1,
      "final_reward": 1.0,
      "success": false,
      "error": null,
      "infra_failure": false
    }
  ],
  "n": 1
}
