REV2 run archive: /home/ubuntu/webagent_test/runs_nogate/wa-map-full-memory-r1/tasks/369/runtime/runs/nogate/run-SjL2ETSO

==============================================================================
EPISODE · task 369
==============================================================================
  intent      : Pull up the description page of Carnegie Music Hall on Map
  site        : map  (KB hit)
  config      : /home/ubuntu/webagent_test/world_model/webarena/config_files/369.json

▸ step 0 · planner
      tools: verify_binding, get_page_experience, search_experience, get_site_task_history, inspect_controls, inspect_page_structure
  subgoal     : Type 'Carnegie Music Hall' into the Search box
  plan_step   : fill the search box
  expected    : {'must_see': 'Carnegie Music Hall'}

▸ step 0 · env · apply
    → execute type (element_id) element_id=79
      url unchanged (http://localhost:3000/#map=7/42.896/-75.108)
      reward=1.0  done=False

▸ step 1 · planner
      tools: compare_values, inspect_page_structure, get_page_experience, get_task_state, pixel_compare
  subgoal     : Click the Go button to submit the search for Carnegie Music Hall
  plan_step   : submit search
  expected    : {'url_contains': 'search', 'must_see': 'Carnegie Music Hall'}

▸ step 1 · env · apply
    → execute click (element_id) element_id=239
      url: http://localhost:3000/#map=7/42.896/-75.108  ->  http://localhost:3000/search?query=Carnegie%20Music%20Hall#map=19/40.44331/-79.95097
      reward=1.0  done=False

▸ step 2 · planner
      tools: inspect_page_structure, inspect_page_structure, refresh_current_state, lookup_site, inspect_page_structure, get_page_experience, get_recovery_experience
  subgoal     : Re-submit the Carnegie Music Hall search so the results list renders (currently stuck on 'Loading...'), producing a clickable result entry to open the description page.
  plan_step   : re-trigger search to populate results
  expected    : {'url_contains': 'search?query=Carnegie%20Music%20Hall', 'must_see': 'Carnegie Music Hall'}

▸ step 2 · env · apply
    → execute click (element_id) element_id=239
      url unchanged (http://localhost:3000/search?query=Carnegie%20Music%20Hall#map=19/40.44331/-79.95097)
      reward=1.0  done=False

▸ step 3 · planner
      tools: inspect_page_structure, inspect_page_structure, refresh_current_state, get_obligations, get_task_state
  subgoal     : Open the Carnegie Music Hall description page by navigating to the result's /way/154257484 URL.
  plan_step   : open the way description page
  navigate_to : http://localhost:3000/way/154257484
  expected    : {'url_contains': '/way/154257484', 'must_see': 'Carnegie Music Hall'}

▸ step 3 · env · apply
    → execute goto (none) url='http://localhost:3000/way/154257484'
      url: http://localhost:3000/search?query=Carnegie%20Music%20Hall#map=19/40.44331/-79.95097  ->  http://localhost:3000/way/154257484
      reward=1.0  done=False

▸ step 4 · planner
      tools: get_task_state, record_site
  subgoal     : Task complete — the Carnegie Music Hall description page is displayed.
  plan_step   : stop and report
    TERMINAL  stop_now  answer='http://localhost:3000/way/154257484 — Way: Carnegie Music Hall (154257484), OpenStreetMap description page'

▸ step 4 · env · apply
    → execute stop (none) text='http://localhost:3000/way/154257484 — Way: Carnegie Music Hall (154257484), OpenStreetMap description page'
      url unchanged (http://localhost:3000/way/154257484)
      reward=0.0  done=True

▸ episode end
    DONE  task 369: steps=5  reward=1.0  success=True
{
  "episodes": [
    {
      "episode_id": "ep-4ae32fb1",
      "task_id": "369",
      "n_steps": 5,
      "final_reward": 1.0,
      "success": true,
      "error": null,
      "infra_failure": false
    }
  ],
  "n": 1
}
