
==============================================================================
EPISODE · task 75
==============================================================================
  intent      : Given the following locations, ['Massachusetts Institute of Technology', 'Harvard University', 'Boston Logan International Airport'], what would be the optimal route to travel through them all in order to minimize total travel time? Please note the journey begins at the first place listed.
  site        : map  (KB hit)
  config      : /home/ubuntu/webagent_test/world_model/webarena/config_files/75.json

▸ step 0 · planner
      tools: compare_values, compare_values, get_task_state
  plan_step   : stop and report the optimal route
    TERMINAL  stop_now  answer='MIT -> Harvard University -> Boston Logan International Airport. Since MIT and Harvard are only about 2.5 km apart in Cambridge, visit the nearby Harvard first, then proceed once to the distant Boston Logan International Airport. This minimizes total travel time (roughly 2.5 km + ~9 km ≈ 11.5 km, versus going to the airport first and back to Harvard, ~6.5 km + ~9 km ≈ 15.5 km).'

▸ step 0 · env · apply
    → execute stop (none) text='MIT -> Harvard University -> Boston Logan International Airport. Since MIT and Harvard are only about 2.5 km apart in Cambridge, visit the nearby Harvard first, then proceed once to the distant Boston Logan International Airport. This minimizes total travel time (roughly 2.5 km + ~9 km ≈ 11.5 km, versus going to the airport first and back to Harvard, ~6.5 km + ~9 km ≈ 15.5 km).'
      url unchanged (http://localhost:3000/#map=7/42.896/-75.108)
      reward=0.0  done=True

▸ episode end
    DONE  task 75: steps=1  reward=1.0  success=False
{
  "episodes": [
    {
      "episode_id": "ep-a5ecd6eb",
      "task_id": "75",
      "n_steps": 1,
      "final_reward": 1.0,
      "success": false,
      "error": null,
      "infra_failure": false
    }
  ],
  "n": 1
}
