REV2 run archive: /home/ubuntu/webagent_test/runs_nogate/wa-map-full-memory-r1/tasks/379/runtime/runs/nogate/run-UjSbzY68

==============================================================================
EPISODE · task 379
==============================================================================
  intent      : Find the hotel around CMU main campus
  site        : map  (KB hit)
  config      : /home/ubuntu/webagent_test/world_model/webarena/config_files/379.json

▸ step 0 · planner
      tools: assign, inspect_page_structure, record_site
  subgoal     : Type the search query for a hotel around CMU main campus into the OpenStreetMap Search textbox
  plan_step   : fill the search field
  expected    : {'must_see': 'hotel near Carnegie Mellon University'}

▸ step 0 · env · apply
    → execute type (element_id) element_id=79
      url unchanged (http://localhost:3000/#map=7/42.896/-75.108)
      reward=1.0  done=False

▸ step 1 · planner
      tools: inspect_controls, inspect_page_structure, inspect_page_structure, inspect_page_structure
  subgoal     : Click the 'Go' button to submit the hotel search query and show results on the map
  plan_step   : submit the search
  expected    : {'must_see': 'hotel'}

▸ step 1 · env · apply
    → execute click (element_id) element_id=239
      url: http://localhost:3000/#map=7/42.896/-75.108  ->  http://localhost:3000/search?query=hotel%20near%20Carnegie%20Mellon%20University#map=7/42.896/-73.180
      reward=1.0  done=False

▸ step 2 · planner
      tools: get_site_task_history, get_task_state, inspect_controls, extract_structured_values, get_criterion
  subgoal     : Set the search field to 'hotel Pittsburgh' and submit to find hotels around CMU on the map
  plan_step   : re-search with simpler query
  expected    : {'url_contains': 'search?query=hotel%20Pittsburgh', 'must_see': 'hotel'}

▸ step 2 · env · apply
    → execute type (element_id) element_id=79
      url unchanged (http://localhost:3000/search?query=hotel%20near%20Carnegie%20Mellon%20University#map=7/42.896/-73.180)
      reward=1.0  done=False

▸ step 3 · planner
      tools: verify_criterion, search_page_text, inspect_controls, refresh_current_state, inspect_page_structure
  subgoal     : Submit the 'hotel Pittsburgh' search by clicking Go to load hotel results near CMU main campus
  plan_step   : click Go to submit hotel search
  expected    : {'url_contains': 'search?query=hotel', 'must_see': 'hotel'}

▸ step 3 · env · apply
    → execute click (element_id) element_id=239
      url: http://localhost:3000/search?query=hotel%20near%20Carnegie%20Mellon%20University#map=7/42.896/-73.180  ->  http://localhost:3000/search?query=hotel%20Pittsburgh#map=19/40.44061/-79.99659
      reward=1.0  done=False

▸ step 4 · planner
      tools: compare_values, verify_criterion, get_obligations, get_criterion
  subgoal     : Report the hotel located around CMU main campus from the search results.
    TERMINAL  stop_now  answer='William Pitt Union, 3959 Fifth Avenue, North Oakland, Pittsburgh, Allegheny County, 15260, United States'

▸ step 4 · env · apply
    → execute stop (none) text='William Pitt Union, 3959 Fifth Avenue, North Oakland, Pittsburgh, Allegheny County, 15260, United States'
      url unchanged (http://localhost:3000/search?query=hotel%20Pittsburgh#map=19/40.44061/-79.99659)
      reward=0.0  done=True

▸ episode end
    DONE  task 379: steps=5  reward=0.0  success=False
{
  "episodes": [
    {
      "episode_id": "ep-7d3b92d9",
      "task_id": "379",
      "n_steps": 5,
      "final_reward": 0.0,
      "success": false,
      "error": null,
      "infra_failure": false
    }
  ],
  "n": 1
}
