
==============================================================================
EPISODE · task 35
==============================================================================
  intent      : I will arrive Pittsburgh Airport soon. Provide the name of a Hyatt hotel in the vicinity, if available. Then, tell me the the minimal driving time to a supermarket from the hotel.
  site        : map  (KB hit)
  config      : /home/ubuntu/webagent_test/world_model/webarena/config_files/35.json

▸ step 0 · planner
      tools: inspect_controls, inspect_page_structure, get_page_experience, get_task_state, inspect_page_structure
  subgoal     : Type 'Hyatt hotel Pittsburgh Airport' into the Search field to locate a Hyatt hotel near Pittsburgh Airport on OpenStreetMap.
  plan_step   : search for Hyatt hotel near Pittsburgh Airport

▸ step 0 · env · apply
    → execute type (element_id) element_id=79
      url unchanged (http://localhost:3000/#map=7/42.896/-75.108)
      reward=1.0  done=False

▸ step 1 · planner
      tools: inspect_page_structure, get_task_state, get_evidence, compare_values, inspect_page_structure
  subgoal     : Click the 'Go' button to submit the search query 'Hyatt hotel Pittsburgh Airport' and display search results on the map.
  plan_step   : submit the Hyatt hotel search
  expected    : {'url_contains': '/search', 'must_see': 'Hyatt'}

▸ step 1 · env · apply
    → execute click (element_id) element_id=239
      url: http://localhost:3000/#map=7/42.896/-75.108  ->  http://localhost:3000/search?query=Hyatt%20hotel%20Pittsburgh%20Airport#map=7/42.896/-73.180
      reward=1.0  done=False

▸ step 2 · planner
      tools: stop_now, get_task_state, inspect_page_structure, get_criterion, get_criterion, get_criterion, search_page_text, get_site_task_history, search_page_text, inspect_page_structure
  subgoal     : Navigate to the search page with the map centered on Pittsburgh Airport (40.4915, -79.9167) so the Nominatim search is bounded to the correct area and can find a Hyatt hotel.
  plan_step   : recenter map on Pittsburgh and re-search
  navigate_to : http://localhost:3000/search?query=Hyatt%20hotel%20Pittsburgh%20Airport#map=13/40.4915/-79.9167
  expected    : {'url_contains': 'search?query=Hyatt%20hotel%20Pittsburgh%20Airport#map=13/40.4915/-79.9167', 'must_see': 'Hyatt'}

▸ step 2 · env · apply
    → execute goto (none) url='http://localhost:3000/search?query=Hyatt%20hotel%20Pittsburgh%20Airport#map=13/40.4915/-79.9167'
      url: http://localhost:3000/search?query=Hyatt%20hotel%20Pittsburgh%20Airport#map=7/42.896/-73.180  ->  http://localhost:3000/search?query=Hyatt%20hotel%20Pittsburgh%20Airport#map=13/40.4915/-79.9167
      reward=1.0  done=False

▸ step 3 · planner
      tools: get_task_state, search_page_text, extract_structured_values, inspect_page_structure, search_page_text, inspect_page_structure, search_page_text, inspect_page_structure
  subgoal     : Stop and provide the answer: the search for 'Hyatt hotel Pittsburgh Airport' returned 'No results found', meaning no Hyatt hotel is available in the vicinity.
  plan_step   : report no Hyatt hotel found
    TERMINAL  stop_now  answer="No Hyatt hotel is available in the vicinity of Pittsburgh Airport. The OpenStreetMap Nominatim search returned 'No results found' for 'Hyatt hotel Pittsburgh Airport', so neither a hotel name nor a driving time to a supermarket can be provided."

▸ step 3 · env · apply
    → execute stop (none) text="No Hyatt hotel is available in the vicinity of Pittsburgh Airport. The OpenStreetMap Nominatim search returned 'No results found' for 'Hyatt hotel Pittsburgh Airport', so neither a hotel name nor a driving time to a supermarket can be provided."
      url unchanged (http://localhost:3000/search?query=Hyatt%20hotel%20Pittsburgh%20Airport#map=13/40.4915/-79.9167)
      reward=0.0  done=True

▸ episode end
    DONE  task 35: steps=4  reward=0.0  success=False
{
  "episodes": [
    {
      "episode_id": "ep-f3b228aa",
      "task_id": "35",
      "n_steps": 4,
      "final_reward": 0.0,
      "success": false,
      "error": null,
      "infra_failure": false
    }
  ],
  "n": 1
}
