REV2 run archive: /home/ubuntu/webagent_test/runs_nogate/wa-map-full-memory-r1/tasks/757/runtime/runs/nogate/run-9a9WeDvc

==============================================================================
EPISODE · task 757
==============================================================================
  intent      : Show me the path and travel time from home of the 1980 Super Bowl champions to home of the 1991 Super Bowl champions.
  site        : map  (KB hit)
  config      : /home/ubuntu/webagent_test/world_model/webarena/config_files/757.json

▸ step 0 · planner
      tools: get_task_state, get_obligations, get_criterion, get_page_experience, inspect_page_structure, lookup_site
  subgoal     : Open the directions page so I can set a route from Pittsburgh (Steelers' home) to East Rutherford, NJ (1991 Super Bowl champions, the New York Giants' home).
  plan_step   : open the directions page
  navigate_to : http://localhost:3000/directions
  expected    : {'url_contains': '/directions', 'must_see': 'directions'}

▸ step 0 · env · apply
    → execute goto (none) url='http://localhost:3000/directions'
      url: http://localhost:3000/#map=7/42.896/-75.108  ->  http://localhost:3000/directions
      reward=1.0  done=False

▸ step 1 · planner
      tools: verify_binding, verify_binding, assign, get_task_state, get_site_task_history
  subgoal     : Fill the From field with 'Pittsburgh, PA' (home of 1980 Super Bowl champions, the Steelers) and the To field with 'New York, NY' (home of 1991 Super Bowl champions, the Giants) on the directions form.
  plan_step   : fill From and To fields
  expected    : {'must_see': 'Pittsburgh, PA'}

▸ step 1 · env · apply
    → execute type (element_id) element_id=1513
      url unchanged (http://localhost:3000/directions)
      reward=0.0  done=False

▸ step 2 · planner
      tools: get_criterion, get_task_state, get_obligations, get_evidence, verify_binding
  subgoal     : Set the From field to 'Pittsburgh, PA' and the To field to 'New York, NY' on the directions form.
  plan_step   : fill From and To fields
  expected    : {'must_see': 'New York'}

▸ step 2 · env · apply
    → execute type (element_id) element_id=1513
      url unchanged (http://localhost:3000/directions)
      reward=0.0  done=False

▸ step 3 · planner
      tools: compare_values, read_field_values, verify_criterion, get_task_state, refresh_current_state
  subgoal     : Set the To field to 'New York, NY' (home of the 1991 Super Bowl champions, the Giants) on the directions form.
  plan_step   : fill the To field with New York, NY
  expected    : {'must_see': 'New York'}

▸ step 3 · env · apply
    → execute type (element_id) element_id=1520
      url unchanged (http://localhost:3000/directions)
      reward=1.0  done=False

▸ step 4 · planner
      tools: inspect_page_structure, pixel_compare, get_task_state, inspect_controls, pixel_compare
  subgoal     : Click the Go button to compute the route from Pittsburgh to New York
  plan_step   : click Go to route
  expected    : {'must_see': 'Itinerary'}

▸ step 4 · env · apply
    → execute click (element_id) element_id=1533
      url: http://localhost:3000/directions  ->  http://localhost:3000/directions?engine=fossgis_osrm_car&route=40.442%2C-79.990%3B40.713%2C-74.006#map=7/40.351/-77.003
      reward=1.0  done=False

▸ step 5 · planner
      tools: inspect_page_structure, inspect_page_structure, search_page_text, inspect_page_structure, read_table, search_page_text
  subgoal     : Stop: the route from Pittsburgh (Steelers, 1980) to New York (Giants, 1991) is computed and shown on the Directions page; report the path and available distance/time.
  plan_step   : harvest the displayed route
  expected    : {'must_see': '34. Reach destination'}
    TERMINAL  stop_now  answer="Route (car, OSRM/FOSSGIS) from Pittsburgh, Allegheny County, PA (home of 1980 Super Bowl champions, the Steelers) to City of New York, NY (home of 1991 Super Bowl champions, the Giants). The Directions page shows a 34-step path beginning '1. Start on Logan Street' and ending '34. Reach destination', via Bedford Avenue → Crosstown Boulevard (I 579) → Boulevard of the Allies (PA 885) → I 376 East (Penn-Lincoln Parkway East) → US 22/US 30 → ... → Centre Street. Note: OpenStreetMap displays per-leg distances (e.g. 150m, 1.6km, 19km, 500m) but does not print a single total travel-time figure on this page."

▸ step 5 · env · apply
    → execute stop (none) text="Route (car, OSRM/FOSSGIS) from Pittsburgh, Allegheny County, PA (home of 1980 Super Bowl champions, the Steelers) to City of New York, NY (home of 1991 Super Bowl champions, the Giants). The Directions page shows a 34-step path beginning '1. Start on Logan Street' and ending '34. Reach destination', via Bedford Avenue → Crosstown Boulevard (I 579) → Boulevard of the Allies (PA 885) → I 376 East (Penn-Lincoln Parkway East) → US 22/US 30 → ... → Centre Street. Note: OpenStreetMap displays per-leg distances (e.g. 150m, 1.6km, 19km, 500m) but does not print a single total travel-time figure on this page."
      url unchanged (http://localhost:3000/directions?engine=fossgis_osrm_car&route=40.442%2C-79.990%3B40.713%2C-74.006#map=7/40.351/-77.003)
      reward=0.0  done=True

▸ episode end
    DONE  task 757: steps=6  reward=1.0  success=False
{
  "episodes": [
    {
      "episode_id": "ep-e8ff9c96",
      "task_id": "757",
      "n_steps": 6,
      "final_reward": 1.0,
      "success": false,
      "error": null,
      "infra_failure": false
    }
  ],
  "n": 1
}
